<?xml version='1.0' encoding='UTF-8'?>
<!--

        This file is part of the Squashtest platform.
        Copyright (C) 2010 - 2012 Henix, henix.fr

        See the NOTICE file distributed with this work for additional
        information regarding copyright ownership.

        This is free software: you can redistribute it and/or modify
        it under the terms of the GNU Lesser General Public License as published by
        the Free Software Foundation, either version 3 of the License, or
        (at your option) any later version.

        this software is distributed in the hope that it will be useful,
        but WITHOUT ANY WARRANTY; without even the implied warranty of
        MERCHANTABILITY or FITNESS FOR A PARTICULAR PURPOSE.  See the
        GNU Lesser General Public License for more details.

        You should have received a copy of the GNU Lesser General Public License
        along with this software.  If not, see <http://www.gnu.org/licenses/>.

-->
<dataset>
	<core_user id="10" login="batman" last_name="batman" />
	<core_user id="20" login="robin" last_name="robin" />
	
	<acl_class id="1000" classname="batmobile" />
	<acl_object_identity id="1000" identity="1000" class_id="1000" />
	
	<acl_class id="2000" classname="regular car" />
	<acl_object_identity id="2000" identity="2000" class_id="2000" />

	<acl_group id="100" qualified_name="driver" />

	<acl_responsibility_scope_entry user_id="10" acl_group_id="100" object_identity_id="1000" />
	<acl_responsibility_scope_entry user_id="20" acl_group_id="100" object_identity_id="2000" />
</dataset>