<?xml version='1.0' encoding='UTF-8'?>
<!DOCTYPE dataset SYSTEM "../../../../../../../dtd/squash-tm.1.9.10.dtd">

<dataset>
	<ACL_OBJECT_IDENTITY CLASS_ID="100" IDENTITY="10" />
</dataset>